Hello world
this is another comment to check latest is checkedout by the 
